12141000124-3346463846-770392021221234568981104-4005-7002541475769-2057-783
