00840208402000-84020-84020879058790500-87905-87905000000000000
